// Vitest Snapshot v1, https://vitest.dev/guide/snapshot.html

exports[`renders correctly 1`] = `
"<div class="border rounded-md">
  <div class="relative w-full overflow-auto">
    <table class="w-full caption-bottom text-sm">
      <thead class="[&amp;_tr]:border-b">
        <tr class="border-b transition-colors hover:bg-slate-100/50 data-[state=selected]:bg-slate-100 dark:hover:bg-slate-800/50 dark:data-[state=selected]:bg-slate-800">
          <th class="h-12 px-4 text-left align-middle font-medium text-slate-500 [&amp;:has([role=checkbox])]:pr-0 dark:text-slate-400">Name</th>
          <th class="h-12 px-4 text-left align-middle font-medium text-slate-500 [&amp;:has([role=checkbox])]:pr-0 dark:text-slate-400">Age</th>
        </tr>
      </thead>
      <tbody class="[&amp;_tr:last-child]:border-0">
        <tr class="border-b transition-colors hover:bg-slate-100/50 data-[state=selected]:bg-slate-100 dark:hover:bg-slate-800/50 dark:data-[state=selected]:bg-slate-800">
          <td class="p-4 align-middle [&amp;:has([role=checkbox])]:pr-0">
            <!---->
          </td>
          <td class="p-4 align-middle [&amp;:has([role=checkbox])]:pr-0">
            <!---->
          </td>
        </tr>
        <tr class="border-b transition-colors hover:bg-slate-100/50 data-[state=selected]:bg-slate-100 dark:hover:bg-slate-800/50 dark:data-[state=selected]:bg-slate-800">
          <td class="p-4 align-middle [&amp;:has([role=checkbox])]:pr-0">
            <!---->
          </td>
          <td class="p-4 align-middle [&amp;:has([role=checkbox])]:pr-0">
            <!---->
          </td>
        </tr>
      </tbody>
    </table>
  </div>
  <nav per-page="0"></nav>
</div>"
`;
