// Vitest Snapshot v1, https://vitest.dev/guide/snapshot.html

exports[`renders correctly 1`] = `
"<div data-v-2806348d="" id="datatable" class="flex flex-col" data-cy="" data-testid="">
  <div data-v-2806348d="" class="overflow-auto" style="max-height: 40rem;">
    <table data-v-2806348d="" class="w-full caption-bottom text-sm" id="datatable-table">
      <!-- Header -->
      <thead data-v-2806348d="" class="border-b border-main rounded-tl rounded-tr sticky top-0 z-30"></thead><!-- Loading State (full — replaces data rows when not infinite scroll or no data yet) -->
      <!--v-if-->
      <!-- Data Rows (always visible when has data, even during infinite-scroll load-more) -->
      <tbody data-v-2806348d="" class="[&amp;_tr:last-child]:border-0 bg-white">
        <transition-stub data-v-2806348d="" name="datatable-detail" appear="false" persisted="false" css="true">
          <tr data-v-cd7334a0="" data-v-2806348d="" class="border-b transition-colors text-main group cursor-pointer" data-depth="0">
            <!--v-if-->
            <td data-v-2806348d="" class="align-middle [&amp;:has([role=checkbox])]:pr-0 group-hover:bg-disabled p-2 text-center bg-white dark:bg-neutral-100">1</td>
          </tr>
        </transition-stub>
        <transition-stub data-v-2806348d="" name="datatable-detail" appear="false" persisted="false" css="true">
          <tr data-v-cd7334a0="" data-v-2806348d="" class="border-b transition-colors text-main group cursor-pointer" data-depth="0">
            <!--v-if-->
            <td data-v-2806348d="" class="align-middle [&amp;:has([role=checkbox])]:pr-0 group-hover:bg-disabled p-2 text-center bg-white dark:bg-neutral-100">2</td>
          </tr>
        </transition-stub>
      </tbody><!-- Infinite Scroll Loading Skeleton (appended after data rows) -->
      <!--v-if-->
      <!-- Footer (inside same Table) -->
      <!--v-if-->
    </table><!-- Infinite Scroll Sentinel (inside scroll container so IntersectionObserver root works) -->
    <!--v-if-->
  </div><!-- Pagination -->
  <!--v-if-->
  <!---->
  <!---->
</div>"
`;
