// Vitest Snapshot v1, https://vitest.dev/guide/snapshot.html

exports[`renders correctly 1`] = `
"<div class="flex gap-3 text-sm items-center">
  <p class="text-grey-60">Tampilkan</p>
  <!-- NOTE: Need to replace this select with dropdown component, 
        ---- once the dropdown component is ready 
        ---><select class="bg-white">
    <option disabled="" value="10">10 per halaman </option>
    <option disabled="" value="20">20 per halaman </option>
    <option disabled="" value="50">50 per halaman </option>
    <option disabled="" value="100">100 per halaman </option>
  </select>
  <p class="text-grey-100 font-semibold">Total data : 0</p>
</div>"
`;
