// Vitest Snapshot v1, https://vitest.dev/guide/snapshot.html

exports[`renders correctly 1`] = `
"<button class="inline-flex items-center text-white justify-center gap-2 whitespace-nowrap rounded-md text-sm font-medium ring-offset-background transition-colors focus:ring-primary-100/30 focus-visible:outline-none focus-visible:ring-4 focus-visible:ring-ring focus-visible:ring-offset-0 disabled:pointer-events-none disabled:opacity-50 [&amp;_svg]:pointer-events-none [&amp;_svg]:size-4 [&amp;_svg]:shrink-0 bg-primary-100 hover:bg-primary-100/90 h-11 px-4 py-3"><svg xmlns="http://www.w3.org/2000/svg" width="24" height="24" viewBox="0 0 24 24" fill="none" stroke="currentColor" stroke-width="2" stroke-linecap="round" stroke-linejoin="round" class="lucide lucide-chevrons-right-icon h-4 w-4">
    <path d="m6 17 5-5-5-5"></path>
    <path d="m13 17 5-5-5-5"></path>
  </svg></button>"
`;
