// Vitest Snapshot v1, https://vitest.dev/guide/snapshot.html

exports[`renders correctly 1`] = `
"<div data-validation-id="input__1" class="relative">
  <!--v-if--><input class="box-border w-full rounded-md text-grey-100 border border-grey-30 bg-white ring-offset-white file:border-0 file:bg-transparent file:text-sm file:font-medium placeholder:text-grey-60 focus-visible:outline-none focus-visible:ring-2 focus-visible:ring-primary-50/40 focus-visible:ring-offset-0 focus-visible:border-primary-100/60 disabled:cursor-not-allowed disabled:opacity-50 h-11 px-4 py-3" type="text">
  <!--v-if-->
  <!--v-if-->
  <!--v-if-->
  <div class="input__help-message mt-1 text-danger-90 text-left absolute -bottom-5 invisible">
    <p class="text-xs invisible text-sm">-</p>
  </div>
</div>"
`;
