// Vitest Snapshot v1, https://vitest.dev/guide/snapshot.html

exports[`renders correctly 1`] = `"<tr data-v-cd7334a0="" class="border-b transition-colors data-[state=selected]:bg-neutral-100 text-neutral-100 dark:bg-neutral-10 dark:hover:bg-neutral-30 dark:data-[state=selected]:bg-neutral-80"></tr>"`;
