// Vitest Snapshot v1, https://vitest.dev/guide/snapshot.html

exports[`renders correctly 1`] = `"<tr data-v-cd7334a0="" class="border-b transition-colors hover:!bg-neutral-10/50 data-[state=selected]:bg-neutral-100 dark:hover:bg-neutral-80/50 dark:data-[state=selected]:bg-neutral-80 slide-in-from-left"></tr>"`;
