// Vitest Snapshot v1, https://vitest.dev/guide/snapshot.html

exports[`renders correctly 1`] = `"<tr data-v-cd7334a0="" class="border-b transition-colors data-[state=selected]:bg-neutral-950 text-main dark:text-neutral-500 dark:bg-neutral-100 hover:bg-[#F8F8F9] dark:hover:bg-neutral-300 dark:data-[state=selected]:bg-neutral-700"></tr>"`;
